2025-10-30 22:10:19 +0000 - dagster - DEBUG - __ASSET_JOB - 0f76cc8a-6c06-4962-9842-a7b10e571de1 - 584 - LOGS_CAPTURED - Started capturing logs in process (pid: 584).
2025-10-30 22:10:19 +0000 - dagster - DEBUG - __ASSET_JOB - 0f76cc8a-6c06-4962-9842-a7b10e571de1 - 584 - fetch_giveth_data - STEP_START - Started execution of step "fetch_giveth_data".
2025-10-30 22:10:19 +0000 - dagster - INFO - __ASSET_JOB - 0f76cc8a-6c06-4962-9842-a7b10e571de1 - fetch_giveth_data - 🚀 Fetching Giveth data...
2025-10-30 22:10:21 +0000 - dagster - INFO - __ASSET_JOB - 0f76cc8a-6c06-4962-9842-a7b10e571de1 - fetch_giveth_data - Fetched 16 QF rounds.
2025-10-30 22:10:23 +0000 - dagster - INFO - __ASSET_JOB - 0f76cc8a-6c06-4962-9842-a7b10e571de1 - fetch_giveth_data - Fetched 10 projects from round 20 (skip=50).
2025-10-30 22:10:25 +0000 - dagster - INFO - __ASSET_JOB - 0f76cc8a-6c06-4962-9842-a7b10e571de1 - fetch_giveth_data - Fetched 5 projects from round 20 (skip=100).
2025-10-30 22:10:28 +0000 - dagster - INFO - __ASSET_JOB - 0f76cc8a-6c06-4962-9842-a7b10e571de1 - fetch_giveth_data - Fetched 10 projects from round 21 (skip=50).
2025-10-30 22:10:30 +0000 - dagster - INFO - __ASSET_JOB - 0f76cc8a-6c06-4962-9842-a7b10e571de1 - fetch_giveth_data - Fetched 10 projects from round 15 (skip=50).
2025-10-30 22:10:34 +0000 - dagster - INFO - __ASSET_JOB - 0f76cc8a-6c06-4962-9842-a7b10e571de1 - fetch_giveth_data - Fetched 10 projects from round 2 (skip=50).
2025-10-30 22:10:37 +0000 - dagster - INFO - __ASSET_JOB - 0f76cc8a-6c06-4962-9842-a7b10e571de1 - fetch_giveth_data - Fetched 10 projects from round 4 (skip=50).
2025-10-30 22:10:39 +0000 - dagster - INFO - __ASSET_JOB - 0f76cc8a-6c06-4962-9842-a7b10e571de1 - fetch_giveth_data - Fetched 10 projects from round 4 (skip=100).
2025-10-30 22:10:41 +0000 - dagster - INFO - __ASSET_JOB - 0f76cc8a-6c06-4962-9842-a7b10e571de1 - fetch_giveth_data - Fetched 10 projects from round 4 (skip=150).
2025-10-30 22:10:45 +0000 - dagster - INFO - __ASSET_JOB - 0f76cc8a-6c06-4962-9842-a7b10e571de1 - fetch_giveth_data - Fetched 10 projects from round 5 (skip=50).
2025-10-30 22:10:47 +0000 - dagster - INFO - __ASSET_JOB - 0f76cc8a-6c06-4962-9842-a7b10e571de1 - fetch_giveth_data - Fetched 10 projects from round 5 (skip=100).
2025-10-30 22:10:50 +0000 - dagster - INFO - __ASSET_JOB - 0f76cc8a-6c06-4962-9842-a7b10e571de1 - fetch_giveth_data - Fetched 10 projects from round 6 (skip=50).
2025-10-30 22:10:51 +0000 - dagster - INFO - __ASSET_JOB - 0f76cc8a-6c06-4962-9842-a7b10e571de1 - fetch_giveth_data - Fetched 10 projects from round 6 (skip=100).
2025-10-30 22:10:55 +0000 - dagster - INFO - __ASSET_JOB - 0f76cc8a-6c06-4962-9842-a7b10e571de1 - fetch_giveth_data - Fetched 10 projects from round 6 (skip=150).
2025-10-30 22:10:56 +0000 - dagster - INFO - __ASSET_JOB - 0f76cc8a-6c06-4962-9842-a7b10e571de1 - fetch_giveth_data - Fetched 10 projects from round 6 (skip=200).
2025-10-30 22:10:59 +0000 - dagster - INFO - __ASSET_JOB - 0f76cc8a-6c06-4962-9842-a7b10e571de1 - fetch_giveth_data - Fetched 9 projects from round 7 (skip=50).
2025-10-30 22:11:04 +0000 - dagster - INFO - __ASSET_JOB - 0f76cc8a-6c06-4962-9842-a7b10e571de1 - fetch_giveth_data - Fetched 10 projects from round 8 (skip=50).
2025-10-30 22:11:07 +0000 - dagster - INFO - __ASSET_JOB - 0f76cc8a-6c06-4962-9842-a7b10e571de1 - fetch_giveth_data - Fetched 10 projects from round 9 (skip=50).
2025-10-30 22:11:10 +0000 - dagster - INFO - __ASSET_JOB - 0f76cc8a-6c06-4962-9842-a7b10e571de1 - fetch_giveth_data - Fetched 10 projects from round 9 (skip=100).
2025-10-30 22:11:14 +0000 - dagster - INFO - __ASSET_JOB - 0f76cc8a-6c06-4962-9842-a7b10e571de1 - fetch_giveth_data - Fetched 10 projects from round 10 (skip=50).
2025-10-30 22:11:16 +0000 - dagster - INFO - __ASSET_JOB - 0f76cc8a-6c06-4962-9842-a7b10e571de1 - fetch_giveth_data - Fetched 10 projects from round 10 (skip=100).
2025-10-30 22:11:21 +0000 - dagster - WARNING - __ASSET_JOB - 0f76cc8a-6c06-4962-9842-a7b10e571de1 - fetch_giveth_data - [Retry 1] Giveth API failed: HTTPSConnectionPool(host='mainnet.serve.giveth.io', port=443): Max retries exceeded with url: /graphql (Caused by NameResolutionError("<urllib3.connection.HTTPSConnection object at 0x76e2801792b0>: Failed to resolve 'mainnet.serve.giveth.io' ([Errno -5] No address associated with hostname)")). Retrying in 5 seconds...
2025-10-30 22:11:33 +0000 - dagster - INFO - __ASSET_JOB - 0f76cc8a-6c06-4962-9842-a7b10e571de1 - fetch_giveth_data - Fetched 10 projects from round 11 (skip=50).
2025-10-30 22:11:36 +0000 - dagster - INFO - __ASSET_JOB - 0f76cc8a-6c06-4962-9842-a7b10e571de1 - fetch_giveth_data - Fetched 10 projects from round 11 (skip=100).
2025-10-30 22:11:38 +0000 - dagster - INFO - __ASSET_JOB - 0f76cc8a-6c06-4962-9842-a7b10e571de1 - fetch_giveth_data - Fetched 10 projects from round 12 (skip=50).
2025-10-30 22:11:41 +0000 - dagster - INFO - __ASSET_JOB - 0f76cc8a-6c06-4962-9842-a7b10e571de1 - fetch_giveth_data - Fetched 10 projects from round 12 (skip=100).
2025-10-30 22:11:43 +0000 - dagster - INFO - __ASSET_JOB - 0f76cc8a-6c06-4962-9842-a7b10e571de1 - fetch_giveth_data - Fetched 10 projects from round 12 (skip=150).
2025-10-30 22:11:47 +0000 - dagster - INFO - __ASSET_JOB - 0f76cc8a-6c06-4962-9842-a7b10e571de1 - fetch_giveth_data - Fetched 10 projects from round 13 (skip=50).
2025-10-30 22:11:49 +0000 - dagster - INFO - __ASSET_JOB - 0f76cc8a-6c06-4962-9842-a7b10e571de1 - fetch_giveth_data - Fetched 10 projects from round 13 (skip=100).
2025-10-30 22:11:51 +0000 - dagster - INFO - __ASSET_JOB - 0f76cc8a-6c06-4962-9842-a7b10e571de1 - fetch_giveth_data - Fetched 10 projects from round 13 (skip=150).
2025-10-30 22:11:55 +0000 - dagster - INFO - __ASSET_JOB - 0f76cc8a-6c06-4962-9842-a7b10e571de1 - fetch_giveth_data - Fetched 10 projects from round 14 (skip=50).
2025-10-30 22:11:57 +0000 - dagster - INFO - __ASSET_JOB - 0f76cc8a-6c06-4962-9842-a7b10e571de1 - fetch_giveth_data - Fetched 10 projects from round 14 (skip=100).
2025-10-30 22:11:58 +0000 - dagster - INFO - __ASSET_JOB - 0f76cc8a-6c06-4962-9842-a7b10e571de1 - fetch_giveth_data - Fetched 3 projects from round 14 (skip=150).
2025-10-30 22:12:00 +0000 - dagster - INFO - __ASSET_JOB - 0f76cc8a-6c06-4962-9842-a7b10e571de1 - fetch_giveth_data - Fetched 297 projects total.
2025-10-30 22:12:00 +0000 - dagster - INFO - __ASSET_JOB - 0f76cc8a-6c06-4962-9842-a7b10e571de1 - fetch_giveth_data - 🧱 Writing Bronze layer tables to Postgres...
2025-10-30 22:12:06 +0000 - dagster - ERROR - __ASSET_JOB - 0f76cc8a-6c06-4962-9842-a7b10e571de1 - 584 - fetch_giveth_data - STEP_FAILURE - Execution of step "fetch_giveth_data" failed.

dagster._core.errors.DagsterExecutionStepExecutionError: Error occurred while executing op "fetch_giveth_data"::

ModuleNotFoundError: pyarrow>=8.0.0 is required for `to_pandas(use_pyarrow_extension_array=True)`

Stack Trace:
  File "/usr/local/lib/python3.12/site-packages/dagster/_core/execution/plan/utils.py", line 57, in op_execution_error_boundary
    yield
  File "/usr/local/lib/python3.12/site-packages/dagster/_utils/__init__.py", line 392, in iterate_with_context
    next_output = next(iterator)
                  ^^^^^^^^^^^^^^
  File "/app/ops/giveth_loader.py", line 124, in fetch_giveth_data
    qf_rounds_df.write_database(
  File "/usr/local/lib/python3.12/site-packages/polars/dataframe/frame.py", line 4488, in write_database
    res: int | None = self.to_pandas(
                      ^^^^^^^^^^^^^^^
  File "/usr/local/lib/python3.12/site-packages/polars/dataframe/frame.py", line 2554, in to_pandas
    raise ModuleNotFoundError(msg)

