2025-10-30 22:34:49 +0000 - dagster - DEBUG - __ASSET_JOB - 4069f3a3-f984-45a5-ae69-b06a6fbe2737 - 1318 - LOGS_CAPTURED - Started capturing logs in process (pid: 1318).
2025-10-30 22:34:49 +0000 - dagster - DEBUG - __ASSET_JOB - 4069f3a3-f984-45a5-ae69-b06a6fbe2737 - 1318 - fetch_giveth_data - STEP_START - Started execution of step "fetch_giveth_data".
2025-10-30 22:34:49 +0000 - dagster - INFO - __ASSET_JOB - 4069f3a3-f984-45a5-ae69-b06a6fbe2737 - fetch_giveth_data - 🚀 Fetching Giveth data...
2025-10-30 22:34:50 +0000 - dagster - INFO - __ASSET_JOB - 4069f3a3-f984-45a5-ae69-b06a6fbe2737 - fetch_giveth_data - Fetched 16 QF rounds.
2025-10-30 22:34:52 +0000 - dagster - INFO - __ASSET_JOB - 4069f3a3-f984-45a5-ae69-b06a6fbe2737 - fetch_giveth_data - Fetched 10 projects from round 20 (skip=50).
2025-10-30 22:34:54 +0000 - dagster - INFO - __ASSET_JOB - 4069f3a3-f984-45a5-ae69-b06a6fbe2737 - fetch_giveth_data - Fetched 5 projects from round 20 (skip=100).
2025-10-30 22:34:57 +0000 - dagster - INFO - __ASSET_JOB - 4069f3a3-f984-45a5-ae69-b06a6fbe2737 - fetch_giveth_data - Fetched 10 projects from round 21 (skip=50).
2025-10-30 22:35:00 +0000 - dagster - INFO - __ASSET_JOB - 4069f3a3-f984-45a5-ae69-b06a6fbe2737 - fetch_giveth_data - Fetched 10 projects from round 15 (skip=50).
2025-10-30 22:35:04 +0000 - dagster - INFO - __ASSET_JOB - 4069f3a3-f984-45a5-ae69-b06a6fbe2737 - fetch_giveth_data - Fetched 10 projects from round 2 (skip=50).
2025-10-30 22:35:08 +0000 - dagster - INFO - __ASSET_JOB - 4069f3a3-f984-45a5-ae69-b06a6fbe2737 - fetch_giveth_data - Fetched 10 projects from round 4 (skip=50).
2025-10-30 22:35:09 +0000 - dagster - INFO - __ASSET_JOB - 4069f3a3-f984-45a5-ae69-b06a6fbe2737 - fetch_giveth_data - Fetched 10 projects from round 4 (skip=100).
2025-10-30 22:35:11 +0000 - dagster - INFO - __ASSET_JOB - 4069f3a3-f984-45a5-ae69-b06a6fbe2737 - fetch_giveth_data - Fetched 10 projects from round 4 (skip=150).
2025-10-30 22:35:18 +0000 - dagster - INFO - __ASSET_JOB - 4069f3a3-f984-45a5-ae69-b06a6fbe2737 - fetch_giveth_data - Fetched 10 projects from round 5 (skip=50).
2025-10-30 22:35:19 +0000 - dagster - INFO - __ASSET_JOB - 4069f3a3-f984-45a5-ae69-b06a6fbe2737 - fetch_giveth_data - Fetched 10 projects from round 5 (skip=100).
2025-10-30 22:35:22 +0000 - dagster - INFO - __ASSET_JOB - 4069f3a3-f984-45a5-ae69-b06a6fbe2737 - fetch_giveth_data - Fetched 10 projects from round 6 (skip=50).
2025-10-30 22:35:23 +0000 - dagster - INFO - __ASSET_JOB - 4069f3a3-f984-45a5-ae69-b06a6fbe2737 - fetch_giveth_data - Fetched 10 projects from round 6 (skip=100).
2025-10-30 22:35:24 +0000 - dagster - INFO - __ASSET_JOB - 4069f3a3-f984-45a5-ae69-b06a6fbe2737 - fetch_giveth_data - Fetched 10 projects from round 6 (skip=150).
2025-10-30 22:35:26 +0000 - dagster - INFO - __ASSET_JOB - 4069f3a3-f984-45a5-ae69-b06a6fbe2737 - fetch_giveth_data - Fetched 10 projects from round 6 (skip=200).
2025-10-30 22:35:29 +0000 - dagster - INFO - __ASSET_JOB - 4069f3a3-f984-45a5-ae69-b06a6fbe2737 - fetch_giveth_data - Fetched 9 projects from round 7 (skip=50).
2025-10-30 22:35:33 +0000 - dagster - INFO - __ASSET_JOB - 4069f3a3-f984-45a5-ae69-b06a6fbe2737 - fetch_giveth_data - Fetched 10 projects from round 8 (skip=50).
2025-10-30 22:35:36 +0000 - dagster - INFO - __ASSET_JOB - 4069f3a3-f984-45a5-ae69-b06a6fbe2737 - fetch_giveth_data - Fetched 10 projects from round 9 (skip=50).
2025-10-30 22:35:39 +0000 - dagster - INFO - __ASSET_JOB - 4069f3a3-f984-45a5-ae69-b06a6fbe2737 - fetch_giveth_data - Fetched 10 projects from round 9 (skip=100).
2025-10-30 22:35:42 +0000 - dagster - INFO - __ASSET_JOB - 4069f3a3-f984-45a5-ae69-b06a6fbe2737 - fetch_giveth_data - Fetched 10 projects from round 10 (skip=50).
2025-10-30 22:35:45 +0000 - dagster - INFO - __ASSET_JOB - 4069f3a3-f984-45a5-ae69-b06a6fbe2737 - fetch_giveth_data - Fetched 10 projects from round 10 (skip=100).
2025-10-30 22:35:52 +0000 - dagster - INFO - __ASSET_JOB - 4069f3a3-f984-45a5-ae69-b06a6fbe2737 - fetch_giveth_data - Fetched 10 projects from round 11 (skip=50).
2025-10-30 22:35:54 +0000 - dagster - INFO - __ASSET_JOB - 4069f3a3-f984-45a5-ae69-b06a6fbe2737 - fetch_giveth_data - Fetched 10 projects from round 11 (skip=100).
2025-10-30 22:35:56 +0000 - dagster - INFO - __ASSET_JOB - 4069f3a3-f984-45a5-ae69-b06a6fbe2737 - fetch_giveth_data - Fetched 10 projects from round 12 (skip=50).
2025-10-30 22:35:58 +0000 - dagster - INFO - __ASSET_JOB - 4069f3a3-f984-45a5-ae69-b06a6fbe2737 - fetch_giveth_data - Fetched 10 projects from round 12 (skip=100).
2025-10-30 22:36:01 +0000 - dagster - INFO - __ASSET_JOB - 4069f3a3-f984-45a5-ae69-b06a6fbe2737 - fetch_giveth_data - Fetched 10 projects from round 12 (skip=150).
2025-10-30 22:36:05 +0000 - dagster - INFO - __ASSET_JOB - 4069f3a3-f984-45a5-ae69-b06a6fbe2737 - fetch_giveth_data - Fetched 10 projects from round 13 (skip=50).
2025-10-30 22:36:11 +0000 - dagster - INFO - __ASSET_JOB - 4069f3a3-f984-45a5-ae69-b06a6fbe2737 - fetch_giveth_data - Fetched 10 projects from round 13 (skip=100).
2025-10-30 22:36:13 +0000 - dagster - INFO - __ASSET_JOB - 4069f3a3-f984-45a5-ae69-b06a6fbe2737 - fetch_giveth_data - Fetched 10 projects from round 13 (skip=150).
2025-10-30 22:36:17 +0000 - dagster - INFO - __ASSET_JOB - 4069f3a3-f984-45a5-ae69-b06a6fbe2737 - fetch_giveth_data - Fetched 10 projects from round 14 (skip=50).
2025-10-30 22:36:19 +0000 - dagster - INFO - __ASSET_JOB - 4069f3a3-f984-45a5-ae69-b06a6fbe2737 - fetch_giveth_data - Fetched 10 projects from round 14 (skip=100).
2025-10-30 22:36:20 +0000 - dagster - INFO - __ASSET_JOB - 4069f3a3-f984-45a5-ae69-b06a6fbe2737 - fetch_giveth_data - Fetched 3 projects from round 14 (skip=150).
2025-10-30 22:36:22 +0000 - dagster - INFO - __ASSET_JOB - 4069f3a3-f984-45a5-ae69-b06a6fbe2737 - fetch_giveth_data - Fetched 297 projects total.
2025-10-30 22:36:22 +0000 - dagster - INFO - __ASSET_JOB - 4069f3a3-f984-45a5-ae69-b06a6fbe2737 - fetch_giveth_data - 🧱 Writing Bronze layer tables to Postgres...
2025-10-30 22:36:28 +0000 - dagster - ERROR - __ASSET_JOB - 4069f3a3-f984-45a5-ae69-b06a6fbe2737 - 1318 - fetch_giveth_data - STEP_FAILURE - Execution of step "fetch_giveth_data" failed.

dagster._core.errors.DagsterExecutionStepExecutionError: Error occurred while executing op "fetch_giveth_data"::

sqlalchemy.exc.ProgrammingError: (psycopg2.ProgrammingError) can't adapt type 'numpy.ndarray'
[SQL: INSERT INTO bronze_giveth_qf_rounds ("allocatedFund", "allocatedFundUSD", "allocatedFundUSDPreferred", "allocatedTokenChainId", "allocatedTokenSymbol", "bannerBgImage", "beginDate", "clusterMatchingSyncAt", description, "eligibleNetworks", "endDate", ... 8339 characters truncated ... UsdValue__15)s, %(name__15)s, %(qfStrategy__15)s, %(slug__15)s, %(sponsorsImgs__15)s, %(title__15)s)]
[parameters: {'id__0': '20', 'isActive__0': False, 'allocatedFundUSD__0': 200000, 'allocatedFundUSDPreferred__0': True, 'eligibleNetworks__0': array([    1,  8453,   100,    10,   137, 42220,    61, 42161,  1101]), 'allocatedTokenChainId__0': 42161, 'slug__0': 'gg24dti', 'description__0': 'Funding open-source builders advancing Ethereum’s core clients, security, scalability, staking diversity, privacy, and long-term network resilience.', 'maximumReward__0': 0.05, 'minMBDScore__0': 50, 'sponsorsImgs__0': array([], dtype=object), 'beginDate__0': '2025-10-14T14:00:00.000Z', 'allocatedTokenSymbol__0': 'USDC', 'clusterMatchingSyncAt__0': None, 'allocatedFund__0': 200000, 'qfStrategy__0': 'Cocm', 'name__0': 'GG24: Developer Tooling & Infrastructure', 'minimumPassportScore__0': 15, 'minimumValidUsdValue__0': 1.0, 'isDataAnalysisDone__0': False, 'bannerBgImage__0': None, 'title__0': 'Dev Tooling & Infra', 'endDate__0': '2025-10-29T06:59:00.000Z', 'id__1': '21', 'isActive__1': False, 'allocatedFundUSD__1': 100000, 'allocatedFundUSDPreferred__1': True, 'eligibleNetworks__1': array([    1,  8453,   100,    10,   137, 42220, 42161]), 'allocatedTokenChainId__1': 42220, 'slug__1': 'gg24isia', 'description__1': 'Strengthening Ethereum’s multi-chain future by advancing open data, cross-chain coordination, and measurable adoption of the Open Intents Framework.', 'maximumReward__1': 0.15, 'minMBDScore__1': 50, 'sponsorsImgs__1': array([], dtype=object), 'beginDate__1': '2025-10-14T14:00:00.000Z', 'allocatedTokenSymbol__1': 'USDC', 'clusterMatchingSyncAt__1': None, 'allocatedFund__1': 100000, 'qfStrategy__1': 'Cocm', 'name__1': 'GG24: Interop Standards, Infra & Analytics', 'minimumPassportScore__1': 15, 'minimumValidUsdValue__1': 1.0, 'isDataAnalysisDone__1': False, 'bannerBgImage__1': None, 'title__1': 'Interop Standards, Infra & Analytics', 'endDate__1': '2025-10-29T06:59:00.000Z', 'id__2': '15', 'isActive__2': False, 'allocatedFundUSD__2': 50000, 'allocatedFundUSDPreferred__2': None ... 268 parameters truncated ... 'isDataAnalysisDone__13': True, 'bannerBgImage__13': 'https://giveth.mypinata.cloud/ipfs/QmNxQscqqGRkHmsjxYmUa4t6yABycf6jLueduQwW4scTsV', 'title__13': '', 'endDate__13': '2025-02-15T09:59:00.000Z', 'id__14': '14', 'isActive__14': False, 'allocatedFundUSD__14': 80000, 'allocatedFundUSDPreferred__14': None, 'eligibleNetworks__14': array([    1,   137,    10,    61,  1500, 42220, 42161,  8453,  1101,
         100,   101]), 'allocatedTokenChainId__14': 10, 'slug__14': 'ENS-Octant', 'description__14': 'Support open source, infra and education themed public goods projects projects.', 'maximumReward__14': 0.07, 'minMBDScore__14': 50, 'sponsorsImgs__14': array([], dtype=object), 'beginDate__14': '2025-03-18T16:00:00.000Z', 'allocatedTokenSymbol__14': 'USDC', 'clusterMatchingSyncAt__14': None, 'allocatedFund__14': 80000, 'qfStrategy__14': 'Regular', 'name__14': 'ENS x Octant Public Goods', 'minimumPassportScore__14': 15, 'minimumValidUsdValue__14': 1.0, 'isDataAnalysisDone__14': True, 'bannerBgImage__14': 'https://giveth.mypinata.cloud/ipfs/QmbawVX7BoickTk8NonXtgKP8Na2LKnpYedPq521C63M1C', 'title__14': '', 'endDate__14': '2025-04-02T08:59:00.000Z', 'id__15': '17', 'isActive__15': False, 'allocatedFundUSD__15': 40000, 'allocatedFundUSDPreferred__15': True, 'eligibleNetworks__15': array([    1, 42161,  8453,    10,   137, 42220]), 'allocatedTokenChainId__15': 137, 'slug__15': 'causesqfround', 'description__15': 'Causes are groups of projects united under a common theme. Donations to Causes in this round will be matched from the $40,000 matching pool, with funds shared among the projects creating the most impact within each Cause.', 'maximumReward__15': 0.075, 'minMBDScore__15': 50, 'sponsorsImgs__15': array([], dtype=object), 'beginDate__15': '2025-09-10T15:00:00.000Z', 'allocatedTokenSymbol__15': 'USD', 'clusterMatchingSyncAt__15': '2025-10-29T23:00:00.000Z', 'allocatedFund__15': 40000, 'qfStrategy__15': 'Regular', 'name__15': 'Causes QF Round', 'minimumPassportScore__15': 15, 'minimumValidUsdValue__15': 1.0, 'isDataAnalysisDone__15': True, 'bannerBgImage__15': 'https://giveth.mypinata.cloud/ipfs/QmSQhvFH2d2Pz3s3dxpDpSC13jvBFTniXkLbxZc7xh7Df5', 'title__15': 'Donating Made Easy', 'endDate__15': '2025-10-02T08:59:00.000Z'}]
(Background on this error at: https://sqlalche.me/e/20/f405)

Stack Trace:
  File "/usr/local/lib/python3.12/site-packages/dagster/_core/execution/plan/utils.py", line 57, in op_execution_error_boundary
    yield
  File "/usr/local/lib/python3.12/site-packages/dagster/_utils/__init__.py", line 392, in iterate_with_context
    next_output = next(iterator)
                  ^^^^^^^^^^^^^^
  File "/app/ops/giveth_loader.py", line 124, in fetch_giveth_data
    qf_rounds_df.write_database(
  File "/usr/local/lib/python3.12/site-packages/polars/dataframe/frame.py", line 4488, in write_database
    res: int | None = self.to_pandas(
                      ^^^^^^^^^^^^^^^
  File "/usr/local/lib/python3.12/site-packages/pandas/util/_decorators.py", line 333, in wrapper
    return func(*args, **kwargs)
           ^^^^^^^^^^^^^^^^^^^^^
  File "/usr/local/lib/python3.12/site-packages/pandas/core/generic.py", line 3109, in to_sql
    return sql.to_sql(
           ^^^^^^^^^^^
  File "/usr/local/lib/python3.12/site-packages/pandas/io/sql.py", line 844, in to_sql
    return pandas_sql.to_sql(
           ^^^^^^^^^^^^^^^^^^
  File "/usr/local/lib/python3.12/site-packages/pandas/io/sql.py", line 2030, in to_sql
    total_inserted = sql_engine.insert_records(
                     ^^^^^^^^^^^^^^^^^^^^^^^^^^
  File "/usr/local/lib/python3.12/site-packages/pandas/io/sql.py", line 1579, in insert_records
    raise err
  File "/usr/local/lib/python3.12/site-packages/pandas/io/sql.py", line 1570, in insert_records
    return table.insert(chunksize=chunksize, method=method)
           ^^^^^^^^^^^^^^^^^^^^^^^^^^^^^^^^^^^^^^^^^^^^^^^^
  File "/usr/local/lib/python3.12/site-packages/pandas/io/sql.py", line 1121, in insert
    num_inserted = exec_insert(conn, keys, chunk_iter)
                   ^^^^^^^^^^^^^^^^^^^^^^^^^^^^^^^^^^^
  File "/usr/local/lib/python3.12/site-packages/pandas/io/sql.py", line 1012, in _execute_insert
    result = conn.execute(self.table.insert(), data)
             ^^^^^^^^^^^^^^^^^^^^^^^^^^^^^^^^^^^^^^^
  File "/usr/local/lib/python3.12/site-packages/sqlalchemy/engine/base.py", line 1419, in execute
    return meth(
           ^^^^^
  File "/usr/local/lib/python3.12/site-packages/sqlalchemy/sql/elements.py", line 526, in _execute_on_connection
    return connection._execute_clauseelement(
           ^^^^^^^^^^^^^^^^^^^^^^^^^^^^^^^^^^
  File "/usr/local/lib/python3.12/site-packages/sqlalchemy/engine/base.py", line 1641, in _execute_clauseelement
    ret = self._execute_context(
          ^^^^^^^^^^^^^^^^^^^^^^
  File "/usr/local/lib/python3.12/site-packages/sqlalchemy/engine/base.py", line 1844, in _execute_context
    return self._exec_insertmany_context(dialect, context)
           ^^^^^^^^^^^^^^^^^^^^^^^^^^^^^^^^^^^^^^^^^^^^^^^
  File "/usr/local/lib/python3.12/site-packages/sqlalchemy/engine/base.py", line 2126, in _exec_insertmany_context
    self._handle_dbapi_exception(
  File "/usr/local/lib/python3.12/site-packages/sqlalchemy/engine/base.py", line 2355, in _handle_dbapi_exception
    raise sqlalchemy_exception.with_traceback(exc_info[2]) from e
  File "/usr/local/lib/python3.12/site-packages/sqlalchemy/engine/base.py", line 2118, in _exec_insertmany_context
    dialect.do_execute(
  File "/usr/local/lib/python3.12/site-packages/sqlalchemy/engine/default.py", line 951, in do_execute
    cursor.execute(statement, parameters)

The above exception was caused by the following exception:
psycopg2.ProgrammingError: can't adapt type 'numpy.ndarray'

Stack Trace:
  File "/usr/local/lib/python3.12/site-packages/sqlalchemy/engine/base.py", line 2118, in _exec_insertmany_context
    dialect.do_execute(
  File "/usr/local/lib/python3.12/site-packages/sqlalchemy/engine/default.py", line 951, in do_execute
    cursor.execute(statement, parameters)

